Archive member included to satisfy reference by file (symbol)

C:/Private/Study/DMPT/Tools/xpack-arm-none-eabi-gcc-13.2.1-1.1/bin/../lib/gcc/arm-none-eabi/13.2.1/../../../../arm-none-eabi/lib/thumb/v7e-m+fp/hard\libc_nano.a(libc_a-atexit.o)
                              C:/Private/Study/DMPT/Tools/xpack-arm-none-eabi-gcc-13.2.1-1.1/bin/../lib/gcc/arm-none-eabi/13.2.1/../../../../arm-none-eabi/lib/thumb/v7e-m+fp/hard/crt0.o (atexit)
C:/Private/Study/DMPT/Tools/xpack-arm-none-eabi-gcc-13.2.1-1.1/bin/../lib/gcc/arm-none-eabi/13.2.1/../../../../arm-none-eabi/lib/thumb/v7e-m+fp/hard\libc_nano.a(libc_a-exit.o)
                              C:/Private/Study/DMPT/Tools/xpack-arm-none-eabi-gcc-13.2.1-1.1/bin/../lib/gcc/arm-none-eabi/13.2.1/../../../../arm-none-eabi/lib/thumb/v7e-m+fp/hard/crt0.o (exit)
C:/Private/Study/DMPT/Tools/xpack-arm-none-eabi-gcc-13.2.1-1.1/bin/../lib/gcc/arm-none-eabi/13.2.1/../../../../arm-none-eabi/lib/thumb/v7e-m+fp/hard\libc_nano.a(libc_a-findfp.o)
                              C:/Private/Study/DMPT/Tools/xpack-arm-none-eabi-gcc-13.2.1-1.1/bin/../lib/gcc/arm-none-eabi/13.2.1/../../../../arm-none-eabi/lib/thumb/v7e-m+fp/hard\libc_nano.a(libc_a-exit.o) (__stdio_exit_handler)
C:/Private/Study/DMPT/Tools/xpack-arm-none-eabi-gcc-13.2.1-1.1/bin/../lib/gcc/arm-none-eabi/13.2.1/../../../../arm-none-eabi/lib/thumb/v7e-m+fp/hard\libc_nano.a(libc_a-fwalk.o)
                              C:/Private/Study/DMPT/Tools/xpack-arm-none-eabi-gcc-13.2.1-1.1/bin/../lib/gcc/arm-none-eabi/13.2.1/../../../../arm-none-eabi/lib/thumb/v7e-m+fp/hard\libc_nano.a(libc_a-findfp.o) (_fwalk_sglue)
C:/Private/Study/DMPT/Tools/xpack-arm-none-eabi-gcc-13.2.1-1.1/bin/../lib/gcc/arm-none-eabi/13.2.1/../../../../arm-none-eabi/lib/thumb/v7e-m+fp/hard\libc_nano.a(libc_a-stdio.o)
                              C:/Private/Study/DMPT/Tools/xpack-arm-none-eabi-gcc-13.2.1-1.1/bin/../lib/gcc/arm-none-eabi/13.2.1/../../../../arm-none-eabi/lib/thumb/v7e-m+fp/hard\libc_nano.a(libc_a-findfp.o) (__sread)
C:/Private/Study/DMPT/Tools/xpack-arm-none-eabi-gcc-13.2.1-1.1/bin/../lib/gcc/arm-none-eabi/13.2.1/../../../../arm-none-eabi/lib/thumb/v7e-m+fp/hard\libc_nano.a(libc_a-memset.o)
                              C:/Private/Study/DMPT/Tools/xpack-arm-none-eabi-gcc-13.2.1-1.1/bin/../lib/gcc/arm-none-eabi/13.2.1/../../../../arm-none-eabi/lib/thumb/v7e-m+fp/hard/crt0.o (memset)
C:/Private/Study/DMPT/Tools/xpack-arm-none-eabi-gcc-13.2.1-1.1/bin/../lib/gcc/arm-none-eabi/13.2.1/../../../../arm-none-eabi/lib/thumb/v7e-m+fp/hard\libc_nano.a(libc_a-closer.o)
                              C:/Private/Study/DMPT/Tools/xpack-arm-none-eabi-gcc-13.2.1-1.1/bin/../lib/gcc/arm-none-eabi/13.2.1/../../../../arm-none-eabi/lib/thumb/v7e-m+fp/hard\libc_nano.a(libc_a-stdio.o) (_close_r)
C:/Private/Study/DMPT/Tools/xpack-arm-none-eabi-gcc-13.2.1-1.1/bin/../lib/gcc/arm-none-eabi/13.2.1/../../../../arm-none-eabi/lib/thumb/v7e-m+fp/hard\libc_nano.a(libc_a-reent.o)
                              C:/Private/Study/DMPT/Tools/xpack-arm-none-eabi-gcc-13.2.1-1.1/bin/../lib/gcc/arm-none-eabi/13.2.1/../../../../arm-none-eabi/lib/thumb/v7e-m+fp/hard\libc_nano.a(libc_a-closer.o) (errno)
C:/Private/Study/DMPT/Tools/xpack-arm-none-eabi-gcc-13.2.1-1.1/bin/../lib/gcc/arm-none-eabi/13.2.1/../../../../arm-none-eabi/lib/thumb/v7e-m+fp/hard\libc_nano.a(libc_a-impure.o)
                              C:/Private/Study/DMPT/Tools/xpack-arm-none-eabi-gcc-13.2.1-1.1/bin/../lib/gcc/arm-none-eabi/13.2.1/../../../../arm-none-eabi/lib/thumb/v7e-m+fp/hard\libc_nano.a(libc_a-reent.o) (_impure_ptr)
C:/Private/Study/DMPT/Tools/xpack-arm-none-eabi-gcc-13.2.1-1.1/bin/../lib/gcc/arm-none-eabi/13.2.1/../../../../arm-none-eabi/lib/thumb/v7e-m+fp/hard\libc_nano.a(libc_a-lseekr.o)
                              C:/Private/Study/DMPT/Tools/xpack-arm-none-eabi-gcc-13.2.1-1.1/bin/../lib/gcc/arm-none-eabi/13.2.1/../../../../arm-none-eabi/lib/thumb/v7e-m+fp/hard\libc_nano.a(libc_a-stdio.o) (_lseek_r)
C:/Private/Study/DMPT/Tools/xpack-arm-none-eabi-gcc-13.2.1-1.1/bin/../lib/gcc/arm-none-eabi/13.2.1/../../../../arm-none-eabi/lib/thumb/v7e-m+fp/hard\libc_nano.a(libc_a-readr.o)
                              C:/Private/Study/DMPT/Tools/xpack-arm-none-eabi-gcc-13.2.1-1.1/bin/../lib/gcc/arm-none-eabi/13.2.1/../../../../arm-none-eabi/lib/thumb/v7e-m+fp/hard\libc_nano.a(libc_a-stdio.o) (_read_r)
C:/Private/Study/DMPT/Tools/xpack-arm-none-eabi-gcc-13.2.1-1.1/bin/../lib/gcc/arm-none-eabi/13.2.1/../../../../arm-none-eabi/lib/thumb/v7e-m+fp/hard\libc_nano.a(libc_a-writer.o)
                              C:/Private/Study/DMPT/Tools/xpack-arm-none-eabi-gcc-13.2.1-1.1/bin/../lib/gcc/arm-none-eabi/13.2.1/../../../../arm-none-eabi/lib/thumb/v7e-m+fp/hard\libc_nano.a(libc_a-stdio.o) (_write_r)
C:/Private/Study/DMPT/Tools/xpack-arm-none-eabi-gcc-13.2.1-1.1/bin/../lib/gcc/arm-none-eabi/13.2.1/../../../../arm-none-eabi/lib/thumb/v7e-m+fp/hard\libc_nano.a(libc_a-errno.o)
                              build_F429ZI/syscalls.o (__errno)
[...]
Memory Configuration

Name             Origin             Length             Attributes
RAM              0x20000000         0x00030000         xrw
CCMRAM           0x10000000         0x00010000         xrw
FLASH            0x08000000         0x00200000         xr
*default*        0x00000000         0xffffffff

Linker script and memory map

LOAD C:/Private/Study/DMPT/Tools/xpack-arm-none-eabi-gcc-13.2.1-1.1/bin/../lib/gcc/arm-none-eabi/13.2.1/thumb/v7e-m+fp/hard/crti.o
LOAD C:/Private/Study/DMPT/Tools/xpack-arm-none-eabi-gcc-13.2.1-1.1/bin/../lib/gcc/arm-none-eabi/13.2.1/thumb/v7e-m+fp/hard/crtbegin.o
LOAD C:/Private/Study/DMPT/Tools/xpack-arm-none-eabi-gcc-13.2.1-1.1/bin/../lib/gcc/arm-none-eabi/13.2.1/../../../../arm-none-eabi/lib/thumb/v7e-m+fp/hard/crt0.o
LOAD build_F429ZI/system_stm32f4xx.o
LOAD build_F429ZI/syscalls.o
LOAD build_F429ZI/sysmem.o
LOAD build_F429ZI/main.o
LOAD build_F429ZI/init_lab2.o
LOAD build_F429ZI/it_handlers.o
LOAD build_F429ZI/startup_stm32f429xx.o
LOAD C:/Private/Study/DMPT/Tools/xpack-arm-none-eabi-gcc-13.2.1-1.1/bin/../lib/gcc/arm-none-eabi/13.2.1/../../../../arm-none-eabi/lib/thumb/v7e-m+fp/hard\libc_nano.a
LOAD C:/Private/Study/DMPT/Tools/xpack-arm-none-eabi-gcc-13.2.1-1.1/bin/../lib/gcc/arm-none-eabi/13.2.1/../../../../arm-none-eabi/lib/thumb/v7e-m+fp/hard\libm.a
LOAD C:/Private/Study/DMPT/Tools/xpack-arm-none-eabi-gcc-13.2.1-1.1/bin/../lib/gcc/arm-none-eabi/13.2.1/../../../../arm-none-eabi/lib/thumb/v7e-m+fp/hard\libnosys.a
START GROUP
LOAD C:/Private/Study/DMPT/Tools/xpack-arm-none-eabi-gcc-13.2.1-1.1/bin/../lib/gcc/arm-none-eabi/13.2.1/thumb/v7e-m+fp/hard\libgcc.a
LOAD C:/Private/Study/DMPT/Tools/xpack-arm-none-eabi-gcc-13.2.1-1.1/bin/../lib/gcc/arm-none-eabi/13.2.1/../../../../arm-none-eabi/lib/thumb/v7e-m+fp/hard\libc_nano.a
END GROUP
START GROUP
LOAD C:/Private/Study/DMPT/Tools/xpack-arm-none-eabi-gcc-13.2.1-1.1/bin/../lib/gcc/arm-none-eabi/13.2.1/thumb/v7e-m+fp/hard\libgcc.a
LOAD C:/Private/Study/DMPT/Tools/xpack-arm-none-eabi-gcc-13.2.1-1.1/bin/../lib/gcc/arm-none-eabi/13.2.1/../../../../arm-none-eabi/lib/thumb/v7e-m+fp/hard\libc_nano.a
END GROUP
LOAD C:/Private/Study/DMPT/Tools/xpack-arm-none-eabi-gcc-13.2.1-1.1/bin/../lib/gcc/arm-none-eabi/13.2.1/thumb/v7e-m+fp/hard/crtend.o
LOAD C:/Private/Study/DMPT/Tools/xpack-arm-none-eabi-gcc-13.2.1-1.1/bin/../lib/gcc/arm-none-eabi/13.2.1/thumb/v7e-m+fp/hard/crtn.o
                0x20030000                        _estack = (ORIGIN (RAM) + LENGTH (RAM))
                0x00000200                        _Min_Heap_Size = 0x200
                0x00000400                        _Min_Stack_Size = 0x400

.isr_vector     0x08000000      0x1ac
                0x08000000                        . = ALIGN (0x4)
 *(.isr_vector)
 .isr_vector    0x08000000      0x1ac build_F429ZI/startup_stm32f429xx.o
                0x08000000                g_pfnVectors
                0x080001ac                        . = ALIGN (0x4)

.text           0x080001ac      0x4e8
                0x080001ac                        . = ALIGN (0x4)
 *(.text)
 *(.text*)
 .text.__do_global_dtors_aux
                0x080001ac       0x24 C:/Private/Study/DMPT/Tools/xpack-arm-none-eabi-gcc-13.2.1-1.1/bin/../lib/gcc/arm-none-eabi/13.2.1/thumb/v7e-m+fp/hard/crtbegin.o
 .text.frame_dummy
                0x080001d0       0x1c C:/Private/Study/DMPT/Tools/xpack-arm-none-eabi-gcc-13.2.1-1.1/bin/../lib/gcc/arm-none-eabi/13.2.1/thumb/v7e-m+fp/hard/crtbegin.o
 .text.SystemInit
                0x080001ec       0x14 build_F429ZI/system_stm32f4xx.o
                0x080001ec                SystemInit
 .text.main     0x08000200       0x14 build_F429ZI/main.o
                0x08000200                main
 .text.NVIC_EncodePriority
                0x08000214       0x3e build_F429ZI/init_lab2.o
 *fill*         0x08000252        0x2 
 .text.RCC_init_clocking
                0x08000254       0xf8 build_F429ZI/init_lab2.o
                0x08000254                RCC_init_clocking
 .text.ITR_init
                0x0800034c       0x68 build_F429ZI/init_lab2.o
                0x0800034c                ITR_init
 .text.TIM1_PWM_PE14
                0x080003b4       0x84 build_F429ZI/init_lab2.o
                0x080003b4                TIM1_PWM_PE14
 .text.TIM3_Init
                0x08000438       0x80 build_F429ZI/init_lab2.o
                0x08000438                TIM3_Init
 .text.EXTI15_10_IRQHandler
                0x080004b8       0xe0 build_F429ZI/it_handlers.o
                0x080004b8                EXTI15_10_IRQHandler
 .text.TIM3_IRQHandler
                0x08000598       0x48 build_F429ZI/it_handlers.o
                0x08000598                TIM3_IRQHandler
 .text.Reset_Handler
                0x080005e0       0x50 build_F429ZI/startup_stm32f429xx.o
                0x080005e0                Reset_Handler
 .text.Default_Handler
                0x08000630        0x2 build_F429ZI/startup_stm32f429xx.o
                0x08000630                RTC_Alarm_IRQHandler
                0x08000630                HASH_RNG_IRQHandler
                0x08000630                EXTI2_IRQHandler
                0x08000630                TIM8_CC_IRQHandler
                0x08000630                DebugMon_Handler
                0x08000630                UART8_IRQHandler
                0x08000630                SPI4_IRQHandler
                0x08000630                TIM1_CC_IRQHandler
                0x08000630                DMA2_Stream5_IRQHandler
                0x08000630                HardFault_Handler
                0x08000630                DMA1_Stream5_IRQHandler
                0x08000630                SysTick_Handler
                0x08000630                PVD_IRQHandler
                0x08000630                SDIO_IRQHandler
                0x08000630                TAMP_STAMP_IRQHandler
                0x08000630                PendSV_Handler
                0x08000630                NMI_Handler
                0x08000630                CAN2_RX1_IRQHandler
                0x08000630                EXTI3_IRQHandler
                0x08000630                TIM8_TRG_COM_TIM14_IRQHandler
                0x08000630                TIM1_UP_TIM10_IRQHandler
                0x08000630                TIM8_UP_TIM13_IRQHandler
                0x08000630                I2C3_ER_IRQHandler
                0x08000630                EXTI0_IRQHandler
                0x08000630                I2C2_EV_IRQHandler
                0x08000630                DMA1_Stream2_IRQHandler
                0x08000630                CAN1_RX0_IRQHandler
                0x08000630                FPU_IRQHandler
                0x08000630                OTG_HS_WKUP_IRQHandler
                0x08000630                UsageFault_Handler
                0x08000630                LTDC_ER_IRQHandler
                0x08000630                CAN2_SCE_IRQHandler
                0x08000630                DMA2_Stream2_IRQHandler
                0x08000630                SPI1_IRQHandler
                0x08000630                TIM6_DAC_IRQHandler
                0x08000630                TIM1_BRK_TIM9_IRQHandler
                0x08000630                DCMI_IRQHandler
                0x08000630                CAN2_RX0_IRQHandler
                0x08000630                DMA2_Stream3_IRQHandler
                0x08000630                USART6_IRQHandler
                0x08000630                USART3_IRQHandler
                0x08000630                CAN1_RX1_IRQHandler
                0x08000630                UART5_IRQHandler
                0x08000630                DMA2_Stream0_IRQHandler
                0x08000630                TIM4_IRQHandler
                0x08000630                I2C1_EV_IRQHandler
                0x08000630                DMA1_Stream6_IRQHandler
                0x08000630                DMA1_Stream1_IRQHandler
                0x08000630                UART4_IRQHandler
                0x08000630                RCC_IRQHandler
                0x08000630                TIM8_BRK_TIM12_IRQHandler
                0x08000630                Default_Handler
                0x08000630                ADC_IRQHandler
                0x08000630                DMA1_Stream7_IRQHandler
                0x08000630                SPI5_IRQHandler
                0x08000630                TIM7_IRQHandler
                0x08000630                CAN2_TX_IRQHandler
                0x08000630                TIM5_IRQHandler
                0x08000630                DMA2_Stream7_IRQHandler
                0x08000630                I2C3_EV_IRQHandler
                0x08000630                EXTI9_5_IRQHandler
                0x08000630                RTC_WKUP_IRQHandler
                0x08000630                LTDC_IRQHandler
                0x08000630                ETH_WKUP_IRQHandler
                0x08000630                SPI2_IRQHandler
                0x08000630                OTG_HS_EP1_IN_IRQHandler
                0x08000630                MemManage_Handler
                0x08000630                DMA1_Stream0_IRQHandler
                0x08000630                CAN1_TX_IRQHandler
                0x08000630                SVC_Handler
                0x08000630                EXTI4_IRQHandler
                0x08000630                ETH_IRQHandler
                0x08000630                OTG_HS_EP1_OUT_IRQHandler
                0x08000630                WWDG_IRQHandler
                0x08000630                SPI6_IRQHandler
                0x08000630                TIM2_IRQHandler
                0x08000630                OTG_FS_WKUP_IRQHandler
                0x08000630                TIM1_TRG_COM_TIM11_IRQHandler
                0x08000630                OTG_HS_IRQHandler
                0x08000630                DMA2D_IRQHandler
                0x08000630                EXTI1_IRQHandler
                0x08000630                UART7_IRQHandler
                0x08000630                USART2_IRQHandler
                0x08000630                I2C2_ER_IRQHandler
                0x08000630                DMA2_Stream1_IRQHandler
                0x08000630                CAN1_SCE_IRQHandler
                0x08000630                FLASH_IRQHandler
                0x08000630                DMA2_Stream4_IRQHandler
                0x08000630                BusFault_Handler
                0x08000630                USART1_IRQHandler
                0x08000630                OTG_FS_IRQHandler
                0x08000630                SPI3_IRQHandler
                0x08000630                DMA1_Stream4_IRQHandler
                0x08000630                I2C1_ER_IRQHandler
                0x08000630                FMC_IRQHandler
                0x08000630                DMA2_Stream6_IRQHandler
                0x08000630                SAI1_IRQHandler
                0x08000630                DMA1_Stream3_IRQHandler
 *fill*         0x08000632        0x2 
 .text.__libc_init_array
                0x08000634       0x48 C:/Private/Study/DMPT/Tools/xpack-arm-none-eabi-gcc-13.2.1-1.1/bin/../lib/gcc/arm-none-eabi/13.2.1/../../../../arm-none-eabi/lib/thumb/v7e-m+fp/hard\libc_nano.a(libc_a-init.o)
                0x08000634                __libc_init_array
 *(.glue_7)
 .glue_7        0x0800067c        0x0 linker stubs
 *(.glue_7t)
 .glue_7t       0x0800067c        0x0 linker stubs
 *(.eh_frame)
 .eh_frame      0x0800067c        0x0 C:/Private/Study/DMPT/Tools/xpack-arm-none-eabi-gcc-13.2.1-1.1/bin/../lib/gcc/arm-none-eabi/13.2.1/thumb/v7e-m+fp/hard/crtbegin.o
 *(.init)
 .init          0x0800067c        0x4 C:/Private/Study/DMPT/Tools/xpack-arm-none-eabi-gcc-13.2.1-1.1/bin/../lib/gcc/arm-none-eabi/13.2.1/thumb/v7e-m+fp/hard/crti.o
                0x0800067c                _init
 .init          0x08000680        0x8 C:/Private/Study/DMPT/Tools/xpack-arm-none-eabi-gcc-13.2.1-1.1/bin/../lib/gcc/arm-none-eabi/13.2.1/thumb/v7e-m+fp/hard/crtn.o
 *(.fini)
 .fini          0x08000688        0x4 C:/Private/Study/DMPT/Tools/xpack-arm-none-eabi-gcc-13.2.1-1.1/bin/../lib/gcc/arm-none-eabi/13.2.1/thumb/v7e-m+fp/hard/crti.o
                0x08000688                _fini
 .fini          0x0800068c        0x8 C:/Private/Study/DMPT/Tools/xpack-arm-none-eabi-gcc-13.2.1-1.1/bin/../lib/gcc/arm-none-eabi/13.2.1/thumb/v7e-m+fp/hard/crtn.o
                0x08000694                        . = ALIGN (0x4)
                0x08000694                        _etext = .

.vfp11_veneer   0x08000694        0x0
 .vfp11_veneer  0x08000694        0x0 linker stubs

.v4_bx          0x08000694        0x0
 .v4_bx         0x08000694        0x0 linker stubs

.iplt           0x08000694        0x0
 .iplt          0x08000694        0x0 C:/Private/Study/DMPT/Tools/xpack-arm-none-eabi-gcc-13.2.1-1.1/bin/../lib/gcc/arm-none-eabi/13.2.1/thumb/v7e-m+fp/hard/crtbegin.o

.rel.dyn        0x08000694        0x0
 .rel.iplt      0x08000694        0x0 C:/Private/Study/DMPT/Tools/xpack-arm-none-eabi-gcc-13.2.1-1.1/bin/../lib/gcc/arm-none-eabi/13.2.1/thumb/v7e-m+fp/hard/crtbegin.o

.rodata         0x08000694        0x0
                0x08000694                        . = ALIGN (0x4)
 *(.rodata)
 *(.rodata*)
                0x08000694                        . = ALIGN (0x4)

.ARM.extab
 *(.ARM.extab* .gnu.linkonce.armextab.*)

.ARM            0x08000694        0x0
                0x08000694                        __exidx_start = .
 *(.ARM.exidx*)
                0x08000694                        __exidx_end = .

.preinit_array  0x08000694        0x0
                0x08000694                        PROVIDE (__preinit_array_start = .)
 *(.preinit_array*)
                0x08000694                        PROVIDE (__preinit_array_end = .)

.init_array     0x08000694        0x4
                0x08000694                        PROVIDE (__init_array_start = .)
 *(SORT_BY_NAME(.init_array.*))
 *(.init_array*)
 .init_array    0x08000694        0x4 C:/Private/Study/DMPT/Tools/xpack-arm-none-eabi-gcc-13.2.1-1.1/bin/../lib/gcc/arm-none-eabi/13.2.1/thumb/v7e-m+fp/hard/crtbegin.o
                0x08000698                        PROVIDE (__init_array_end = .)

.fini_array     0x08000698        0x4
                0x08000698                        PROVIDE (__fini_array_start = .)
 *(SORT_BY_NAME(.fini_array.*))
 *(.fini_array*)
 .fini_array    0x08000698        0x4 C:/Private/Study/DMPT/Tools/xpack-arm-none-eabi-gcc-13.2.1-1.1/bin/../lib/gcc/arm-none-eabi/13.2.1/thumb/v7e-m+fp/hard/crtbegin.o
                0x0800069c                        PROVIDE (__fini_array_end = .)
                0x0800069c                        _sidata = LOADADDR (.data)

.data           0x20000000        0x0 load address 0x0800069c
                0x20000000                        . = ALIGN (0x4)
                0x20000000                        _sdata = .
 *(.data)
 *(.data*)
                0x20000000                        . = ALIGN (0x4)
                0x20000000                        _edata = .
                0x0800069c                        _siccmram = LOADADDR (.ccmram)

.igot.plt       0x20000000        0x0 load address 0x0800069c
 .igot.plt      0x20000000        0x0 C:/Private/Study/DMPT/Tools/xpack-arm-none-eabi-gcc-13.2.1-1.1/bin/../lib/gcc/arm-none-eabi/13.2.1/thumb/v7e-m+fp/hard/crtbegin.o

.ccmram         0x10000000        0x0 load address 0x0800069c
                0x10000000                        . = ALIGN (0x4)
                0x10000000                        _sccmram = .
 *(.ccmram)
 *(.ccmram*)
                0x10000000                        . = ALIGN (0x4)
                0x10000000                        _eccmram = .
                0x10000000                        . = ALIGN (0x4)

.bss            0x20000000       0x3c
                0x20000000                        _sbss = .
                0x20000000                        __bss_start__ = _sbss
 *(.bss)
 *(.bss*)
 .bss.completed.1
                0x20000000        0x1 C:/Private/Study/DMPT/Tools/xpack-arm-none-eabi-gcc-13.2.1-1.1/bin/../lib/gcc/arm-none-eabi/13.2.1/thumb/v7e-m+fp/hard/crtbegin.o
 *fill*         0x20000001        0x3 
 .bss.object.0  0x20000004       0x18 C:/Private/Study/DMPT/Tools/xpack-arm-none-eabi-gcc-13.2.1-1.1/bin/../lib/gcc/arm-none-eabi/13.2.1/thumb/v7e-m+fp/hard/crtbegin.o
 .bss.blink     0x2000001c        0xc build_F429ZI/main.o
                0x2000001c                blink
 .bss.GlobalTickCount
                0x20000028        0x4 build_F429ZI/main.o
                0x20000028                GlobalTickCount
 .bss.num_led_blink
                0x2000002c        0x1 build_F429ZI/main.o
                0x2000002c                num_led_blink
 *fill*         0x2000002d        0x3 
 .bss.last_time2.0
                0x20000030        0x4 build_F429ZI/it_handlers.o
 .bss.Hold_time_but2
                0x20000034        0x4 build_F429ZI/it_handlers.o
                0x20000034                Hold_time_but2
 .bss.Last_state_but2
                0x20000038        0x1 build_F429ZI/it_handlers.o
                0x20000038                Last_state_but2
 *(COMMON)
                0x2000003c                        . = ALIGN (0x4)
 *fill*         0x20000039        0x3 
                0x2000003c                        _ebss = .
                0x2000003c                        __bss_end__ = _ebss

._user_heap_stack
                0x2000003c      0x604
                0x20000040                        . = ALIGN (0x8)
 *fill*         0x2000003c        0x4 
                [!provide]                        PROVIDE (end = .)
                0x20000040                        PROVIDE (_end = .)
                0x20000240                        . = (. + _Min_Heap_Size)
 *fill*         0x20000040      0x200 
                0x20000640                        . = (. + _Min_Stack_Size)
 *fill*         0x20000240      0x400 
                0x20000640                        . = ALIGN (0x8)

/DISCARD/
 libc.a(*)
 libm.a(*)
 libgcc.a(*)

.ARM.attributes
                0x00000000       0x30
 *(.ARM.attributes)
 .ARM.attributes
                0x00000000       0x22 C:/Private/Study/DMPT/Tools/xpack-arm-none-eabi-gcc-13.2.1-1.1/bin/../lib/gcc/arm-none-eabi/13.2.1/thumb/v7e-m+fp/hard/crti.o
 .ARM.attributes
                0x00000022       0x34 C:/Private/Study/DMPT/Tools/xpack-arm-none-eabi-gcc-13.2.1-1.1/bin/../lib/gcc/arm-none-eabi/13.2.1/thumb/v7e-m+fp/hard/crtbegin.o
 .ARM.attributes
                0x00000056       0x34 build_F429ZI/system_stm32f4xx.o
 .ARM.attributes
                0x0000008a       0x34 build_F429ZI/main.o
 .ARM.attributes
                0x000000be       0x34 build_F429ZI/init_lab2.o
 .ARM.attributes
                0x000000f2       0x34 build_F429ZI/it_handlers.o
 .ARM.attributes
                0x00000126       0x21 build_F429ZI/startup_stm32f429xx.o
 .ARM.attributes
                0x00000147       0x34 C:/Private/Study/DMPT/Tools/xpack-arm-none-eabi-gcc-13.2.1-1.1/bin/../lib/gcc/arm-none-eabi/13.2.1/../../../../arm-none-eabi/lib/thumb/v7e-m+fp/hard\libc_nano.a(libc_a-init.o)
 .ARM.attributes
                0x0000017b       0x22 C:/Private/Study/DMPT/Tools/xpack-arm-none-eabi-gcc-13.2.1-1.1/bin/../lib/gcc/arm-none-eabi/13.2.1/thumb/v7e-m+fp/hard/crtn.o
OUTPUT(build_F429ZI/STM32F429ZI.elf elf32-littlearm)
LOAD linker stubs
LOAD C:/Private/Study/DMPT/Tools/xpack-arm-none-eabi-gcc-13.2.1-1.1/bin/../lib/gcc/arm-none-eabi/13.2.1/../../../../arm-none-eabi/lib/thumb/v7e-m+fp/hard\libc.a
LOAD C:/Private/Study/DMPT/Tools/xpack-arm-none-eabi-gcc-13.2.1-1.1/bin/../lib/gcc/arm-none-eabi/13.2.1/../../../../arm-none-eabi/lib/thumb/v7e-m+fp/hard\libm.a
LOAD C:/Private/Study/DMPT/Tools/xpack-arm-none-eabi-gcc-13.2.1-1.1/bin/../lib/gcc/arm-none-eabi/13.2.1/thumb/v7e-m+fp/hard\libgcc.a

.comment        0x00000000       0x39
 .comment       0x00000000       0x39 C:/Private/Study/DMPT/Tools/xpack-arm-none-eabi-gcc-13.2.1-1.1/bin/../lib/gcc/arm-none-eabi/13.2.1/thumb/v7e-m+fp/hard/crtbegin.o
                                 0x3a (size before relaxing)
 .comment       0x00000039       0x3a build_F429ZI/system_stm32f4xx.o
 .comment       0x00000039       0x3a build_F429ZI/main.o
 .comment       0x00000039       0x3a build_F429ZI/init_lab2.o
 .comment       0x00000039       0x3a build_F429ZI/it_handlers.o
 .comment       0x00000039       0x3a C:/Private/Study/DMPT/Tools/xpack-arm-none-eabi-gcc-13.2.1-1.1/bin/../lib/gcc/arm-none-eabi/13.2.1/../../../../arm-none-eabi/lib/thumb/v7e-m+fp/hard\libc_nano.a(libc_a-init.o)

.debug_info     0x00000000     0x1a90
 .debug_info    0x00000000      0x5ce build_F429ZI/system_stm32f4xx.o
 .debug_info    0x000005ce      0x16e build_F429ZI/main.o
 .debug_info    0x0000073c      0xeb1 build_F429ZI/init_lab2.o
 .debug_info    0x000015ed      0x473 build_F429ZI/it_handlers.o
 .debug_info    0x00001a60       0x30 build_F429ZI/startup_stm32f429xx.o

.debug_abbrev   0x00000000      0x4fd
 .debug_abbrev  0x00000000      0x11b build_F429ZI/system_stm32f4xx.o
 .debug_abbrev  0x0000011b       0x9a build_F429ZI/main.o
 .debug_abbrev  0x000001b5      0x1e1 build_F429ZI/init_lab2.o
 .debug_abbrev  0x00000396      0x14a build_F429ZI/it_handlers.o
 .debug_abbrev  0x000004e0       0x1d build_F429ZI/startup_stm32f429xx.o

.debug_loc      0x00000000      0x41d
 .debug_loc     0x00000000      0x181 build_F429ZI/system_stm32f4xx.o
 .debug_loc     0x00000181       0x20 build_F429ZI/main.o
 .debug_loc     0x000001a1      0x1e3 build_F429ZI/init_lab2.o
 .debug_loc     0x00000384       0x99 build_F429ZI/it_handlers.o

.debug_aranges  0x00000000       0xe8
 .debug_aranges
                0x00000000       0x28 build_F429ZI/system_stm32f4xx.o
 .debug_aranges
                0x00000028       0x20 build_F429ZI/main.o
 .debug_aranges
                0x00000048       0x48 build_F429ZI/init_lab2.o
 .debug_aranges
                0x00000090       0x30 build_F429ZI/it_handlers.o
 .debug_aranges
                0x000000c0       0x28 build_F429ZI/startup_stm32f429xx.o

.debug_ranges   0x00000000       0xd8
 .debug_ranges  0x00000000       0x18 build_F429ZI/system_stm32f4xx.o
 .debug_ranges  0x00000018       0x10 build_F429ZI/main.o
 .debug_ranges  0x00000028       0x38 build_F429ZI/init_lab2.o
 .debug_ranges  0x00000060       0x58 build_F429ZI/it_handlers.o
 .debug_ranges  0x000000b8       0x20 build_F429ZI/startup_stm32f429xx.o

.debug_line     0x00000000      0xb11
 .debug_line    0x00000000      0x29a build_F429ZI/system_stm32f4xx.o
 .debug_line    0x0000029a      0x142 build_F429ZI/main.o
 .debug_line    0x000003dc      0x413 build_F429ZI/init_lab2.o
 .debug_line    0x000007ef      0x298 build_F429ZI/it_handlers.o
 .debug_line    0x00000a87       0x8a build_F429ZI/startup_stm32f429xx.o

.debug_str      0x00000000      0xc0b
 .debug_str     0x00000000      0xc0b build_F429ZI/system_stm32f4xx.o
                                0x369 (size before relaxing)
 .debug_str     0x00000c0b      0x1e2 build_F429ZI/main.o
 .debug_str     0x00000c0b      0xa80 build_F429ZI/init_lab2.o
 .debug_str     0x00000c0b      0x2f4 build_F429ZI/it_handlers.o
 .debug_str     0x00000c0b       0x73 build_F429ZI/startup_stm32f429xx.o

.debug_frame    0x00000000      0x12c
 .debug_frame   0x00000000       0x30 build_F429ZI/system_stm32f4xx.o
 .debug_frame   0x00000030       0x28 build_F429ZI/main.o
 .debug_frame   0x00000058       0x88 build_F429ZI/init_lab2.o
 .debug_frame   0x000000e0       0x4c build_F429ZI/it_handlers.o

Cross Reference Table

Symbol                                            File
ADC_IRQHandler                                    build_F429ZI/startup_stm32f429xx.o
AHBPrescTable                                     build_F429ZI/system_stm32f4xx.o
APBPrescTable                                     build_F429ZI/system_stm32f4xx.o
BusFault_Handler                                  build_F429ZI/startup_stm32f429xx.o
CAN1_RX0_IRQHandler                               build_F429ZI/startup_stm32f429xx.o
CAN1_RX1_IRQHandler                               build_F429ZI/startup_stm32f429xx.o
CAN1_SCE_IRQHandler                               build_F429ZI/startup_stm32f429xx.o
CAN1_TX_IRQHandler                                build_F429ZI/startup_stm32f429xx.o
CAN2_RX0_IRQHandler                               build_F429ZI/startup_stm32f429xx.o
CAN2_RX1_IRQHandler                               build_F429ZI/startup_stm32f429xx.o
CAN2_SCE_IRQHandler                               build_F429ZI/startup_stm32f429xx.o
CAN2_TX_IRQHandler                                build_F429ZI/startup_stm32f429xx.o
DCMI_IRQHandler                                   build_F429ZI/startup_stm32f429xx.o
DMA1_Stream0_IRQHandler                           build_F429ZI/startup_stm32f429xx.o
DMA1_Stream1_IRQHandler                           build_F429ZI/startup_stm32f429xx.o
DMA1_Stream2_IRQHandler                           build_F429ZI/startup_stm32f429xx.o
DMA1_Stream3_IRQHandler                           build_F429ZI/startup_stm32f429xx.o
DMA1_Stream4_IRQHandler                           build_F429ZI/startup_stm32f429xx.o
DMA1_Stream5_IRQHandler                           build_F429ZI/startup_stm32f429xx.o
DMA1_Stream6_IRQHandler                           build_F429ZI/startup_stm32f429xx.o
DMA1_Stream7_IRQHandler                           build_F429ZI/startup_stm32f429xx.o
DMA2D_IRQHandler                                  build_F429ZI/startup_stm32f429xx.o
DMA2_Stream0_IRQHandler                           build_F429ZI/startup_stm32f429xx.o
DMA2_Stream1_IRQHandler                           build_F429ZI/startup_stm32f429xx.o
DMA2_Stream2_IRQHandler                           build_F429ZI/startup_stm32f429xx.o
DMA2_Stream3_IRQHandler                           build_F429ZI/startup_stm32f429xx.o
DMA2_Stream4_IRQHandler                           build_F429ZI/startup_stm32f429xx.o
DMA2_Stream5_IRQHandler                           build_F429ZI/startup_stm32f429xx.o
DMA2_Stream6_IRQHandler                           build_F429ZI/startup_stm32f429xx.o
DMA2_Stream7_IRQHandler                           build_F429ZI/startup_stm32f429xx.o
DebugMon_Handler                                  build_F429ZI/startup_stm32f429xx.o
Default_Handler                                   build_F429ZI/startup_stm32f429xx.o
ETH_IRQHandler                                    build_F429ZI/startup_stm32f429xx.o
ETH_WKUP_IRQHandler                               build_F429ZI/startup_stm32f429xx.o
EXTI0_IRQHandler                                  build_F429ZI/startup_stm32f429xx.o
EXTI15_10_IRQHandler                              build_F429ZI/it_handlers.o
EXTI1_IRQHandler                                  build_F429ZI/startup_stm32f429xx.o
EXTI2_IRQHandler                                  build_F429ZI/startup_stm32f429xx.o
EXTI3_IRQHandler                                  build_F429ZI/startup_stm32f429xx.o
EXTI4_IRQHandler                                  build_F429ZI/startup_stm32f429xx.o
EXTI9_5_IRQHandler                                build_F429ZI/startup_stm32f429xx.o
FLASH_IRQHandler                                  build_F429ZI/startup_stm32f429xx.o
FMC_IRQHandler                                    build_F429ZI/startup_stm32f429xx.o
FPU_IRQHandler                                    build_F429ZI/startup_stm32f429xx.o
GPIO_Init_Led_and_button                          build_F429ZI/init_lab2.o
GlobalTickCount                                   build_F429ZI/main.o
                                                  build_F429ZI/it_handlers.o
HASH_RNG_IRQHandler                               build_F429ZI/startup_stm32f429xx.o
HardFault_Handler                                 build_F429ZI/startup_stm32f429xx.o
Hold_time_but1                                    build_F429ZI/it_handlers.o
Hold_time_but2                                    build_F429ZI/it_handlers.o
I2C1_ER_IRQHandler                                build_F429ZI/startup_stm32f429xx.o
I2C1_EV_IRQHandler                                build_F429ZI/startup_stm32f429xx.o
I2C2_ER_IRQHandler                                build_F429ZI/startup_stm32f429xx.o
I2C2_EV_IRQHandler                                build_F429ZI/startup_stm32f429xx.o
I2C3_ER_IRQHandler                                build_F429ZI/startup_stm32f429xx.o
I2C3_EV_IRQHandler                                build_F429ZI/startup_stm32f429xx.o
ITR_init                                          build_F429ZI/init_lab2.o
                                                  build_F429ZI/main.o
LTDC_ER_IRQHandler                                build_F429ZI/startup_stm32f429xx.o
LTDC_IRQHandler                                   build_F429ZI/startup_stm32f429xx.o
Last_state_but1                                   build_F429ZI/it_handlers.o
Last_state_but2                                   build_F429ZI/it_handlers.o
MemManage_Handler                                 build_F429ZI/startup_stm32f429xx.o
NMI_Handler                                       build_F429ZI/startup_stm32f429xx.o
OTG_FS_IRQHandler                                 build_F429ZI/startup_stm32f429xx.o
OTG_FS_WKUP_IRQHandler                            build_F429ZI/startup_stm32f429xx.o
OTG_HS_EP1_IN_IRQHandler                          build_F429ZI/startup_stm32f429xx.o
OTG_HS_EP1_OUT_IRQHandler                         build_F429ZI/startup_stm32f429xx.o
OTG_HS_IRQHandler                                 build_F429ZI/startup_stm32f429xx.o
OTG_HS_WKUP_IRQHandler                            build_F429ZI/startup_stm32f429xx.o
PVD_IRQHandler                                    build_F429ZI/startup_stm32f429xx.o
PendSV_Handler                                    build_F429ZI/startup_stm32f429xx.o
RCC_IRQHandler                                    build_F429ZI/startup_stm32f429xx.o
RCC_init_clocking                                 build_F429ZI/init_lab2.o
                                                  build_F429ZI/main.o
RTC_Alarm_IRQHandler                              build_F429ZI/startup_stm32f429xx.o
RTC_WKUP_IRQHandler                               build_F429ZI/startup_stm32f429xx.o
Reset_Handler                                     build_F429ZI/startup_stm32f429xx.o
SAI1_IRQHandler                                   build_F429ZI/startup_stm32f429xx.o
SDIO_IRQHandler                                   build_F429ZI/startup_stm32f429xx.o
SPI1_IRQHandler                                   build_F429ZI/startup_stm32f429xx.o
SPI2_IRQHandler                                   build_F429ZI/startup_stm32f429xx.o
SPI3_IRQHandler                                   build_F429ZI/startup_stm32f429xx.o
SPI4_IRQHandler                                   build_F429ZI/startup_stm32f429xx.o
SPI5_IRQHandler                                   build_F429ZI/startup_stm32f429xx.o
SPI6_IRQHandler                                   build_F429ZI/startup_stm32f429xx.o
SVC_Handler                                       build_F429ZI/startup_stm32f429xx.o
Set_PE14_PWM_DutyCycle                            build_F429ZI/it_handlers.o
SysTick_Handler                                   build_F429ZI/startup_stm32f429xx.o
SystemCoreClock                                   build_F429ZI/system_stm32f4xx.o
SystemCoreClockUpdate                             build_F429ZI/system_stm32f4xx.o
SystemInit                                        build_F429ZI/system_stm32f4xx.o
                                                  build_F429ZI/startup_stm32f429xx.o
TAMP_STAMP_IRQHandler                             build_F429ZI/startup_stm32f429xx.o
TIM1_BRK_TIM9_IRQHandler                          build_F429ZI/startup_stm32f429xx.o
TIM1_CC_IRQHandler                                build_F429ZI/startup_stm32f429xx.o
TIM1_PWM_PE14                                     build_F429ZI/init_lab2.o
                                                  build_F429ZI/main.o
TIM1_TRG_COM_TIM11_IRQHandler                     build_F429ZI/startup_stm32f429xx.o
TIM1_UP_TIM10_IRQHandler                          build_F429ZI/startup_stm32f429xx.o
TIM2_IRQHandler                                   build_F429ZI/startup_stm32f429xx.o
TIM3_IRQHandler                                   build_F429ZI/it_handlers.o
TIM3_Init                                         build_F429ZI/init_lab2.o
                                                  build_F429ZI/main.o
TIM4_IRQHandler                                   build_F429ZI/startup_stm32f429xx.o
TIM5_IRQHandler                                   build_F429ZI/startup_stm32f429xx.o
TIM6_DAC_IRQHandler                               build_F429ZI/startup_stm32f429xx.o
TIM7_IRQHandler                                   build_F429ZI/startup_stm32f429xx.o
TIM8_BRK_TIM12_IRQHandler                         build_F429ZI/startup_stm32f429xx.o
TIM8_CC_IRQHandler                                build_F429ZI/startup_stm32f429xx.o
TIM8_TRG_COM_TIM14_IRQHandler                     build_F429ZI/startup_stm32f429xx.o
TIM8_UP_TIM13_IRQHandler                          build_F429ZI/startup_stm32f429xx.o
UART4_IRQHandler                                  build_F429ZI/startup_stm32f429xx.o
UART5_IRQHandler                                  build_F429ZI/startup_stm32f429xx.o
UART7_IRQHandler                                  build_F429ZI/startup_stm32f429xx.o
UART8_IRQHandler                                  build_F429ZI/startup_stm32f429xx.o
USART1_IRQHandler                                 build_F429ZI/startup_stm32f429xx.o
USART2_IRQHandler                                 build_F429ZI/startup_stm32f429xx.o
USART3_IRQHandler                                 build_F429ZI/startup_stm32f429xx.o
USART6_IRQHandler                                 build_F429ZI/startup_stm32f429xx.o
UsageFault_Handler                                build_F429ZI/startup_stm32f429xx.o
WWDG_IRQHandler                                   build_F429ZI/startup_stm32f429xx.o
_Min_Stack_Size                                   build_F429ZI/sysmem.o
__atexit                                          C:/Private/Study/DMPT/Tools/xpack-arm-none-eabi-gcc-13.2.1-1.1/bin/../lib/gcc/arm-none-eabi/13.2.1/../../../../arm-none-eabi/lib/thumb/v7e-m+fp/hard\libc_nano.a(libc_a-__call_atexit.o)
                                                  C:/Private/Study/DMPT/Tools/xpack-arm-none-eabi-gcc-13.2.1-1.1/bin/../lib/gcc/arm-none-eabi/13.2.1/../../../../arm-none-eabi/lib/thumb/v7e-m+fp/hard\libc_nano.a(libc_a-__atexit.o)
__atexit0                                         C:/Private/Study/DMPT/Tools/xpack-arm-none-eabi-gcc-13.2.1-1.1/bin/../lib/gcc/arm-none-eabi/13.2.1/../../../../arm-none-eabi/lib/thumb/v7e-m+fp/hard\libc_nano.a(libc_a-__atexit.o)
__atexit_dummy                                    C:/Private/Study/DMPT/Tools/xpack-arm-none-eabi-gcc-13.2.1-1.1/bin/../lib/gcc/arm-none-eabi/13.2.1/../../../../arm-none-eabi/lib/thumb/v7e-m+fp/hard\libc_nano.a(libc_a-__atexit.o)
__atexit_recursive_mutex                          C:/Private/Study/DMPT/Tools/xpack-arm-none-eabi-gcc-13.2.1-1.1/bin/../lib/gcc/arm-none-eabi/13.2.1/../../../../arm-none-eabi/lib/thumb/v7e-m+fp/hard\libc_nano.a(libc_a-__call_atexit.o)
                                                  C:/Private/Study/DMPT/Tools/xpack-arm-none-eabi-gcc-13.2.1-1.1/bin/../lib/gcc/arm-none-eabi/13.2.1/../../../../arm-none-eabi/lib/thumb/v7e-m+fp/hard\libc_nano.a(libc_a-__atexit.o)
__bss_end__                                       C:/Private/Study/DMPT/Tools/xpack-arm-none-eabi-gcc-13.2.1-1.1/bin/../lib/gcc/arm-none-eabi/13.2.1/../../../../arm-none-eabi/lib/thumb/v7e-m+fp/hard/crt0.o
__bss_start__                                     C:/Private/Study/DMPT/Tools/xpack-arm-none-eabi-gcc-13.2.1-1.1/bin/../lib/gcc/arm-none-eabi/13.2.1/../../../../arm-none-eabi/lib/thumb/v7e-m+fp/hard/crt0.o
__call_exitprocs                                  C:/Private/Study/DMPT/Tools/xpack-arm-none-eabi-gcc-13.2.1-1.1/bin/../lib/gcc/arm-none-eabi/13.2.1/../../../../arm-none-eabi/lib/thumb/v7e-m+fp/hard\libc_nano.a(libc_a-__call_atexit.o)
                                                  C:/Private/Study/DMPT/Tools/xpack-arm-none-eabi-gcc-13.2.1-1.1/bin/../lib/gcc/arm-none-eabi/13.2.1/../../../../arm-none-eabi/lib/thumb/v7e-m+fp/hard\libc_nano.a(libc_a-__atexit.o)
                                                  C:/Private/Study/DMPT/Tools/xpack-arm-none-eabi-gcc-13.2.1-1.1/bin/../lib/gcc/arm-none-eabi/13.2.1/../../../../arm-none-eabi/lib/thumb/v7e-m+fp/hard\libc_nano.a(libc_a-exit.o)
__deregister_frame_info                           C:/Private/Study/DMPT/Tools/xpack-arm-none-eabi-gcc-13.2.1-1.1/bin/../lib/gcc/arm-none-eabi/13.2.1/thumb/v7e-m+fp/hard/crtbegin.o
__dso_handle                                      C:/Private/Study/DMPT/Tools/xpack-arm-none-eabi-gcc-13.2.1-1.1/bin/../lib/gcc/arm-none-eabi/13.2.1/thumb/v7e-m+fp/hard/crtbegin.o
__env                                             build_F429ZI/syscalls.o
__errno                                           C:/Private/Study/DMPT/Tools/xpack-arm-none-eabi-gcc-13.2.1-1.1/bin/../lib/gcc/arm-none-eabi/13.2.1/../../../../arm-none-eabi/lib/thumb/v7e-m+fp/hard\libc_nano.a(libc_a-errno.o)
                                                  build_F429ZI/sysmem.o
                                                  build_F429ZI/syscalls.o
__fini_array_end                                  C:/Private/Study/DMPT/Tools/xpack-arm-none-eabi-gcc-13.2.1-1.1/bin/../lib/gcc/arm-none-eabi/13.2.1/../../../../arm-none-eabi/lib/thumb/v7e-m+fp/hard\libc_nano.a(libc_a-fini.o)
__fini_array_start                                C:/Private/Study/DMPT/Tools/xpack-arm-none-eabi-gcc-13.2.1-1.1/bin/../lib/gcc/arm-none-eabi/13.2.1/../../../../arm-none-eabi/lib/thumb/v7e-m+fp/hard\libc_nano.a(libc_a-fini.o)
__fp_lock_all                                     C:/Private/Study/DMPT/Tools/xpack-arm-none-eabi-gcc-13.2.1-1.1/bin/../lib/gcc/arm-none-eabi/13.2.1/../../../../arm-none-eabi/lib/thumb/v7e-m+fp/hard\libc_nano.a(libc_a-findfp.o)
__fp_unlock_all                                   C:/Private/Study/DMPT/Tools/xpack-arm-none-eabi-gcc-13.2.1-1.1/bin/../lib/gcc/arm-none-eabi/13.2.1/../../../../arm-none-eabi/lib/thumb/v7e-m+fp/hard\libc_nano.a(libc_a-findfp.o)
__init_array_end                                  C:/Private/Study/DMPT/Tools/xpack-arm-none-eabi-gcc-13.2.1-1.1/bin/../lib/gcc/arm-none-eabi/13.2.1/../../../../arm-none-eabi/lib/thumb/v7e-m+fp/hard\libc_nano.a(libc_a-init.o)
__init_array_start                                C:/Private/Study/DMPT/Tools/xpack-arm-none-eabi-gcc-13.2.1-1.1/bin/../lib/gcc/arm-none-eabi/13.2.1/../../../../arm-none-eabi/lib/thumb/v7e-m+fp/hard\libc_nano.a(libc_a-init.o)
__io_getchar                                      build_F429ZI/syscalls.o
__io_putchar                                      build_F429ZI/syscalls.o
__libc_fini_array                                 C:/Private/Study/DMPT/Tools/xpack-arm-none-eabi-gcc-13.2.1-1.1/bin/../lib/gcc/arm-none-eabi/13.2.1/../../../../arm-none-eabi/lib/thumb/v7e-m+fp/hard\libc_nano.a(libc_a-fini.o)
                                                  C:/Private/Study/DMPT/Tools/xpack-arm-none-eabi-gcc-13.2.1-1.1/bin/../lib/gcc/arm-none-eabi/13.2.1/../../../../arm-none-eabi/lib/thumb/v7e-m+fp/hard/crt0.o
__libc_init_array                                 C:/Private/Study/DMPT/Tools/xpack-arm-none-eabi-gcc-13.2.1-1.1/bin/../lib/gcc/arm-none-eabi/13.2.1/../../../../arm-none-eabi/lib/thumb/v7e-m+fp/hard\libc_nano.a(libc_a-init.o)
                                                  build_F429ZI/startup_stm32f429xx.o
                                                  C:/Private/Study/DMPT/Tools/xpack-arm-none-eabi-gcc-13.2.1-1.1/bin/../lib/gcc/arm-none-eabi/13.2.1/../../../../arm-none-eabi/lib/thumb/v7e-m+fp/hard/crt0.o
__lock___arc4random_mutex                         C:/Private/Study/DMPT/Tools/xpack-arm-none-eabi-gcc-13.2.1-1.1/bin/../lib/gcc/arm-none-eabi/13.2.1/../../../../arm-none-eabi/lib/thumb/v7e-m+fp/hard\libc_nano.a(libc_a-lock.o)
__lock___at_quick_exit_mutex                      C:/Private/Study/DMPT/Tools/xpack-arm-none-eabi-gcc-13.2.1-1.1/bin/../lib/gcc/arm-none-eabi/13.2.1/../../../../arm-none-eabi/lib/thumb/v7e-m+fp/hard\libc_nano.a(libc_a-lock.o)
__lock___atexit_recursive_mutex                   C:/Private/Study/DMPT/Tools/xpack-arm-none-eabi-gcc-13.2.1-1.1/bin/../lib/gcc/arm-none-eabi/13.2.1/../../../../arm-none-eabi/lib/thumb/v7e-m+fp/hard\libc_nano.a(libc_a-lock.o)
                                                  C:/Private/Study/DMPT/Tools/xpack-arm-none-eabi-gcc-13.2.1-1.1/bin/../lib/gcc/arm-none-eabi/13.2.1/../../../../arm-none-eabi/lib/thumb/v7e-m+fp/hard\libc_nano.a(libc_a-__call_atexit.o)
__lock___dd_hash_mutex                            C:/Private/Study/DMPT/Tools/xpack-arm-none-eabi-gcc-13.2.1-1.1/bin/../lib/gcc/arm-none-eabi/13.2.1/../../../../arm-none-eabi/lib/thumb/v7e-m+fp/hard\libc_nano.a(libc_a-lock.o)
__lock___env_recursive_mutex                      C:/Private/Study/DMPT/Tools/xpack-arm-none-eabi-gcc-13.2.1-1.1/bin/../lib/gcc/arm-none-eabi/13.2.1/../../../../arm-none-eabi/lib/thumb/v7e-m+fp/hard\libc_nano.a(libc_a-lock.o)
__lock___malloc_recursive_mutex                   C:/Private/Study/DMPT/Tools/xpack-arm-none-eabi-gcc-13.2.1-1.1/bin/../lib/gcc/arm-none-eabi/13.2.1/../../../../arm-none-eabi/lib/thumb/v7e-m+fp/hard\libc_nano.a(libc_a-lock.o)
                                                  C:/Private/Study/DMPT/Tools/xpack-arm-none-eabi-gcc-13.2.1-1.1/bin/../lib/gcc/arm-none-eabi/13.2.1/../../../../arm-none-eabi/lib/thumb/v7e-m+fp/hard\libc_nano.a(libc_a-mlock.o)
__lock___sfp_recursive_mutex                      C:/Private/Study/DMPT/Tools/xpack-arm-none-eabi-gcc-13.2.1-1.1/bin/../lib/gcc/arm-none-eabi/13.2.1/../../../../arm-none-eabi/lib/thumb/v7e-m+fp/hard\libc_nano.a(libc_a-lock.o)
                                                  C:/Private/Study/DMPT/Tools/xpack-arm-none-eabi-gcc-13.2.1-1.1/bin/../lib/gcc/arm-none-eabi/13.2.1/../../../../arm-none-eabi/lib/thumb/v7e-m+fp/hard\libc_nano.a(libc_a-findfp.o)
__lock___tz_mutex                                 C:/Private/Study/DMPT/Tools/xpack-arm-none-eabi-gcc-13.2.1-1.1/bin/../lib/gcc/arm-none-eabi/13.2.1/../../../../arm-none-eabi/lib/thumb/v7e-m+fp/hard\libc_nano.a(libc_a-lock.o)
__malloc_free_list                                C:/Private/Study/DMPT/Tools/xpack-arm-none-eabi-gcc-13.2.1-1.1/bin/../lib/gcc/arm-none-eabi/13.2.1/../../../../arm-none-eabi/lib/thumb/v7e-m+fp/hard\libc_nano.a(libc_a-mallocr.o)
                                                  C:/Private/Study/DMPT/Tools/xpack-arm-none-eabi-gcc-13.2.1-1.1/bin/../lib/gcc/arm-none-eabi/13.2.1/../../../../arm-none-eabi/lib/thumb/v7e-m+fp/hard\libc_nano.a(libc_a-freer.o)
__malloc_lock                                     C:/Private/Study/DMPT/Tools/xpack-arm-none-eabi-gcc-13.2.1-1.1/bin/../lib/gcc/arm-none-eabi/13.2.1/../../../../arm-none-eabi/lib/thumb/v7e-m+fp/hard\libc_nano.a(libc_a-mlock.o)
                                                  C:/Private/Study/DMPT/Tools/xpack-arm-none-eabi-gcc-13.2.1-1.1/bin/../lib/gcc/arm-none-eabi/13.2.1/../../../../arm-none-eabi/lib/thumb/v7e-m+fp/hard\libc_nano.a(libc_a-mallocr.o)
                                                  C:/Private/Study/DMPT/Tools/xpack-arm-none-eabi-gcc-13.2.1-1.1/bin/../lib/gcc/arm-none-eabi/13.2.1/../../../../arm-none-eabi/lib/thumb/v7e-m+fp/hard\libc_nano.a(libc_a-freer.o)
__malloc_sbrk_start                               C:/Private/Study/DMPT/Tools/xpack-arm-none-eabi-gcc-13.2.1-1.1/bin/../lib/gcc/arm-none-eabi/13.2.1/../../../../arm-none-eabi/lib/thumb/v7e-m+fp/hard\libc_nano.a(libc_a-mallocr.o)
__malloc_unlock                                   C:/Private/Study/DMPT/Tools/xpack-arm-none-eabi-gcc-13.2.1-1.1/bin/../lib/gcc/arm-none-eabi/13.2.1/../../../../arm-none-eabi/lib/thumb/v7e-m+fp/hard\libc_nano.a(libc_a-mlock.o)
                                                  C:/Private/Study/DMPT/Tools/xpack-arm-none-eabi-gcc-13.2.1-1.1/bin/../lib/gcc/arm-none-eabi/13.2.1/../../../../arm-none-eabi/lib/thumb/v7e-m+fp/hard\libc_nano.a(libc_a-mallocr.o)
                                                  C:/Private/Study/DMPT/Tools/xpack-arm-none-eabi-gcc-13.2.1-1.1/bin/../lib/gcc/arm-none-eabi/13.2.1/../../../../arm-none-eabi/lib/thumb/v7e-m+fp/hard\libc_nano.a(libc_a-freer.o)
__on_exit_args                                    C:/Private/Study/DMPT/Tools/xpack-arm-none-eabi-gcc-13.2.1-1.1/bin/../lib/gcc/arm-none-eabi/13.2.1/../../../../arm-none-eabi/lib/thumb/v7e-m+fp/hard\libc_nano.a(libc_a-__atexit.o)
__preinit_array_end                               C:/Private/Study/DMPT/Tools/xpack-arm-none-eabi-gcc-13.2.1-1.1/bin/../lib/gcc/arm-none-eabi/13.2.1/../../../../arm-none-eabi/lib/thumb/v7e-m+fp/hard\libc_nano.a(libc_a-init.o)
__preinit_array_start                             C:/Private/Study/DMPT/Tools/xpack-arm-none-eabi-gcc-13.2.1-1.1/bin/../lib/gcc/arm-none-eabi/13.2.1/../../../../arm-none-eabi/lib/thumb/v7e-m+fp/hard\libc_nano.a(libc_a-init.o)
__register_exitproc                               C:/Private/Study/DMPT/Tools/xpack-arm-none-eabi-gcc-13.2.1-1.1/bin/../lib/gcc/arm-none-eabi/13.2.1/../../../../arm-none-eabi/lib/thumb/v7e-m+fp/hard\libc_nano.a(libc_a-__atexit.o)
                                                  C:/Private/Study/DMPT/Tools/xpack-arm-none-eabi-gcc-13.2.1-1.1/bin/../lib/gcc/arm-none-eabi/13.2.1/../../../../arm-none-eabi/lib/thumb/v7e-m+fp/hard\libc_nano.a(libc_a-atexit.o)
__register_frame_info                             C:/Private/Study/DMPT/Tools/xpack-arm-none-eabi-gcc-13.2.1-1.1/bin/../lib/gcc/arm-none-eabi/13.2.1/thumb/v7e-m+fp/hard/crtbegin.o
__retarget_lock_acquire                           C:/Private/Study/DMPT/Tools/xpack-arm-none-eabi-gcc-13.2.1-1.1/bin/../lib/gcc/arm-none-eabi/13.2.1/../../../../arm-none-eabi/lib/thumb/v7e-m+fp/hard\libc_nano.a(libc_a-lock.o)
__retarget_lock_acquire_recursive                 C:/Private/Study/DMPT/Tools/xpack-arm-none-eabi-gcc-13.2.1-1.1/bin/../lib/gcc/arm-none-eabi/13.2.1/../../../../arm-none-eabi/lib/thumb/v7e-m+fp/hard\libc_nano.a(libc_a-lock.o)
                                                  C:/Private/Study/DMPT/Tools/xpack-arm-none-eabi-gcc-13.2.1-1.1/bin/../lib/gcc/arm-none-eabi/13.2.1/../../../../arm-none-eabi/lib/thumb/v7e-m+fp/hard\libc_nano.a(libc_a-fflush.o)
                                                  C:/Private/Study/DMPT/Tools/xpack-arm-none-eabi-gcc-13.2.1-1.1/bin/../lib/gcc/arm-none-eabi/13.2.1/../../../../arm-none-eabi/lib/thumb/v7e-m+fp/hard\libc_nano.a(libc_a-mlock.o)
                                                  C:/Private/Study/DMPT/Tools/xpack-arm-none-eabi-gcc-13.2.1-1.1/bin/../lib/gcc/arm-none-eabi/13.2.1/../../../../arm-none-eabi/lib/thumb/v7e-m+fp/hard\libc_nano.a(libc_a-__call_atexit.o)
                                                  C:/Private/Study/DMPT/Tools/xpack-arm-none-eabi-gcc-13.2.1-1.1/bin/../lib/gcc/arm-none-eabi/13.2.1/../../../../arm-none-eabi/lib/thumb/v7e-m+fp/hard\libc_nano.a(libc_a-__atexit.o)
                                                  C:/Private/Study/DMPT/Tools/xpack-arm-none-eabi-gcc-13.2.1-1.1/bin/../lib/gcc/arm-none-eabi/13.2.1/../../../../arm-none-eabi/lib/thumb/v7e-m+fp/hard\libc_nano.a(libc_a-findfp.o)
__retarget_lock_close                             C:/Private/Study/DMPT/Tools/xpack-arm-none-eabi-gcc-13.2.1-1.1/bin/../lib/gcc/arm-none-eabi/13.2.1/../../../../arm-none-eabi/lib/thumb/v7e-m+fp/hard\libc_nano.a(libc_a-lock.o)
__retarget_lock_close_recursive                   C:/Private/Study/DMPT/Tools/xpack-arm-none-eabi-gcc-13.2.1-1.1/bin/../lib/gcc/arm-none-eabi/13.2.1/../../../../arm-none-eabi/lib/thumb/v7e-m+fp/hard\libc_nano.a(libc_a-lock.o)
__retarget_lock_init                              C:/Private/Study/DMPT/Tools/xpack-arm-none-eabi-gcc-13.2.1-1.1/bin/../lib/gcc/arm-none-eabi/13.2.1/../../../../arm-none-eabi/lib/thumb/v7e-m+fp/hard\libc_nano.a(libc_a-lock.o)
__retarget_lock_init_recursive                    C:/Private/Study/DMPT/Tools/xpack-arm-none-eabi-gcc-13.2.1-1.1/bin/../lib/gcc/arm-none-eabi/13.2.1/../../../../arm-none-eabi/lib/thumb/v7e-m+fp/hard\libc_nano.a(libc_a-lock.o)
                                                  C:/Private/Study/DMPT/Tools/xpack-arm-none-eabi-gcc-13.2.1-1.1/bin/../lib/gcc/arm-none-eabi/13.2.1/../../../../arm-none-eabi/lib/thumb/v7e-m+fp/hard\libc_nano.a(libc_a-findfp.o)
__retarget_lock_release                           C:/Private/Study/DMPT/Tools/xpack-arm-none-eabi-gcc-13.2.1-1.1/bin/../lib/gcc/arm-none-eabi/13.2.1/../../../../arm-none-eabi/lib/thumb/v7e-m+fp/hard\libc_nano.a(libc_a-lock.o)
__retarget_lock_release_recursive                 C:/Private/Study/DMPT/Tools/xpack-arm-none-eabi-gcc-13.2.1-1.1/bin/../lib/gcc/arm-none-eabi/13.2.1/../../../../arm-none-eabi/lib/thumb/v7e-m+fp/hard\libc_nano.a(libc_a-lock.o)
                                                  C:/Private/Study/DMPT/Tools/xpack-arm-none-eabi-gcc-13.2.1-1.1/bin/../lib/gcc/arm-none-eabi/13.2.1/../../../../arm-none-eabi/lib/thumb/v7e-m+fp/hard\libc_nano.a(libc_a-fflush.o)
                                                  C:/Private/Study/DMPT/Tools/xpack-arm-none-eabi-gcc-13.2.1-1.1/bin/../lib/gcc/arm-none-eabi/13.2.1/../../../../arm-none-eabi/lib/thumb/v7e-m+fp/hard\libc_nano.a(libc_a-mlock.o)
                                                  C:/Private/Study/DMPT/Tools/xpack-arm-none-eabi-gcc-13.2.1-1.1/bin/../lib/gcc/arm-none-eabi/13.2.1/../../../../arm-none-eabi/lib/thumb/v7e-m+fp/hard\libc_nano.a(libc_a-__call_atexit.o)
                                                  C:/Private/Study/DMPT/Tools/xpack-arm-none-eabi-gcc-13.2.1-1.1/bin/../lib/gcc/arm-none-eabi/13.2.1/../../../../arm-none-eabi/lib/thumb/v7e-m+fp/hard\libc_nano.a(libc_a-__atexit.o)
                                                  C:/Private/Study/DMPT/Tools/xpack-arm-none-eabi-gcc-13.2.1-1.1/bin/../lib/gcc/arm-none-eabi/13.2.1/../../../../arm-none-eabi/lib/thumb/v7e-m+fp/hard\libc_nano.a(libc_a-findfp.o)
__retarget_lock_try_acquire                       C:/Private/Study/DMPT/Tools/xpack-arm-none-eabi-gcc-13.2.1-1.1/bin/../lib/gcc/arm-none-eabi/13.2.1/../../../../arm-none-eabi/lib/thumb/v7e-m+fp/hard\libc_nano.a(libc_a-lock.o)
__retarget_lock_try_acquire_recursive             C:/Private/Study/DMPT/Tools/xpack-arm-none-eabi-gcc-13.2.1-1.1/bin/../lib/gcc/arm-none-eabi/13.2.1/../../../../arm-none-eabi/lib/thumb/v7e-m+fp/hard\libc_nano.a(libc_a-lock.o)
__sclose                                          C:/Private/Study/DMPT/Tools/xpack-arm-none-eabi-gcc-13.2.1-1.1/bin/../lib/gcc/arm-none-eabi/13.2.1/../../../../arm-none-eabi/lib/thumb/v7e-m+fp/hard\libc_nano.a(libc_a-stdio.o)
                                                  C:/Private/Study/DMPT/Tools/xpack-arm-none-eabi-gcc-13.2.1-1.1/bin/../lib/gcc/arm-none-eabi/13.2.1/../../../../arm-none-eabi/lib/thumb/v7e-m+fp/hard\libc_nano.a(libc_a-findfp.o)
__seofread                                        C:/Private/Study/DMPT/Tools/xpack-arm-none-eabi-gcc-13.2.1-1.1/bin/../lib/gcc/arm-none-eabi/13.2.1/../../../../arm-none-eabi/lib/thumb/v7e-m+fp/hard\libc_nano.a(libc_a-stdio.o)
__sf                                              C:/Private/Study/DMPT/Tools/xpack-arm-none-eabi-gcc-13.2.1-1.1/bin/../lib/gcc/arm-none-eabi/13.2.1/../../../../arm-none-eabi/lib/thumb/v7e-m+fp/hard\libc_nano.a(libc_a-findfp.o)
                                                  C:/Private/Study/DMPT/Tools/xpack-arm-none-eabi-gcc-13.2.1-1.1/bin/../lib/gcc/arm-none-eabi/13.2.1/../../../../arm-none-eabi/lib/thumb/v7e-m+fp/hard\libc_nano.a(libc_a-impure.o)
__sflush_r                                        C:/Private/Study/DMPT/Tools/xpack-arm-none-eabi-gcc-13.2.1-1.1/bin/../lib/gcc/arm-none-eabi/13.2.1/../../../../arm-none-eabi/lib/thumb/v7e-m+fp/hard\libc_nano.a(libc_a-fflush.o)
__sfp                                             C:/Private/Study/DMPT/Tools/xpack-arm-none-eabi-gcc-13.2.1-1.1/bin/../lib/gcc/arm-none-eabi/13.2.1/../../../../arm-none-eabi/lib/thumb/v7e-m+fp/hard\libc_nano.a(libc_a-findfp.o)
__sfp_lock_acquire                                C:/Private/Study/DMPT/Tools/xpack-arm-none-eabi-gcc-13.2.1-1.1/bin/../lib/gcc/arm-none-eabi/13.2.1/../../../../arm-none-eabi/lib/thumb/v7e-m+fp/hard\libc_nano.a(libc_a-findfp.o)
__sfp_lock_release                                C:/Private/Study/DMPT/Tools/xpack-arm-none-eabi-gcc-13.2.1-1.1/bin/../lib/gcc/arm-none-eabi/13.2.1/../../../../arm-none-eabi/lib/thumb/v7e-m+fp/hard\libc_nano.a(libc_a-findfp.o)
__sglue                                           C:/Private/Study/DMPT/Tools/xpack-arm-none-eabi-gcc-13.2.1-1.1/bin/../lib/gcc/arm-none-eabi/13.2.1/../../../../arm-none-eabi/lib/thumb/v7e-m+fp/hard\libc_nano.a(libc_a-findfp.o)
                                                  C:/Private/Study/DMPT/Tools/xpack-arm-none-eabi-gcc-13.2.1-1.1/bin/../lib/gcc/arm-none-eabi/13.2.1/../../../../arm-none-eabi/lib/thumb/v7e-m+fp/hard\libc_nano.a(libc_a-fflush.o)
__sinit                                           C:/Private/Study/DMPT/Tools/xpack-arm-none-eabi-gcc-13.2.1-1.1/bin/../lib/gcc/arm-none-eabi/13.2.1/../../../../arm-none-eabi/lib/thumb/v7e-m+fp/hard\libc_nano.a(libc_a-findfp.o)
                                                  C:/Private/Study/DMPT/Tools/xpack-arm-none-eabi-gcc-13.2.1-1.1/bin/../lib/gcc/arm-none-eabi/13.2.1/../../../../arm-none-eabi/lib/thumb/v7e-m+fp/hard\libc_nano.a(libc_a-fflush.o)
__sread                                           C:/Private/Study/DMPT/Tools/xpack-arm-none-eabi-gcc-13.2.1-1.1/bin/../lib/gcc/arm-none-eabi/13.2.1/../../../../arm-none-eabi/lib/thumb/v7e-m+fp/hard\libc_nano.a(libc_a-stdio.o)
                                                  C:/Private/Study/DMPT/Tools/xpack-arm-none-eabi-gcc-13.2.1-1.1/bin/../lib/gcc/arm-none-eabi/13.2.1/../../../../arm-none-eabi/lib/thumb/v7e-m+fp/hard\libc_nano.a(libc_a-findfp.o)
__sseek                                           C:/Private/Study/DMPT/Tools/xpack-arm-none-eabi-gcc-13.2.1-1.1/bin/../lib/gcc/arm-none-eabi/13.2.1/../../../../arm-none-eabi/lib/thumb/v7e-m+fp/hard\libc_nano.a(libc_a-stdio.o)
                                                  C:/Private/Study/DMPT/Tools/xpack-arm-none-eabi-gcc-13.2.1-1.1/bin/../lib/gcc/arm-none-eabi/13.2.1/../../../../arm-none-eabi/lib/thumb/v7e-m+fp/hard\libc_nano.a(libc_a-findfp.o)
__stack                                           C:/Private/Study/DMPT/Tools/xpack-arm-none-eabi-gcc-13.2.1-1.1/bin/../lib/gcc/arm-none-eabi/13.2.1/../../../../arm-none-eabi/lib/thumb/v7e-m+fp/hard/crt0.o
__stdio_exit_handler                              C:/Private/Study/DMPT/Tools/xpack-arm-none-eabi-gcc-13.2.1-1.1/bin/../lib/gcc/arm-none-eabi/13.2.1/../../../../arm-none-eabi/lib/thumb/v7e-m+fp/hard\libc_nano.a(libc_a-findfp.o)
                                                  C:/Private/Study/DMPT/Tools/xpack-arm-none-eabi-gcc-13.2.1-1.1/bin/../lib/gcc/arm-none-eabi/13.2.1/../../../../arm-none-eabi/lib/thumb/v7e-m+fp/hard\libc_nano.a(libc_a-exit.o)
__swrite                                          C:/Private/Study/DMPT/Tools/xpack-arm-none-eabi-gcc-13.2.1-1.1/bin/../lib/gcc/arm-none-eabi/13.2.1/../../../../arm-none-eabi/lib/thumb/v7e-m+fp/hard\libc_nano.a(libc_a-stdio.o)
                                                  C:/Private/Study/DMPT/Tools/xpack-arm-none-eabi-gcc-13.2.1-1.1/bin/../lib/gcc/arm-none-eabi/13.2.1/../../../../arm-none-eabi/lib/thumb/v7e-m+fp/hard\libc_nano.a(libc_a-findfp.o)
_close                                            build_F429ZI/syscalls.o
                                                  C:/Private/Study/DMPT/Tools/xpack-arm-none-eabi-gcc-13.2.1-1.1/bin/../lib/gcc/arm-none-eabi/13.2.1/../../../../arm-none-eabi/lib/thumb/v7e-m+fp/hard\libc_nano.a(libc_a-closer.o)
_close_r                                          C:/Private/Study/DMPT/Tools/xpack-arm-none-eabi-gcc-13.2.1-1.1/bin/../lib/gcc/arm-none-eabi/13.2.1/../../../../arm-none-eabi/lib/thumb/v7e-m+fp/hard\libc_nano.a(libc_a-closer.o)
                                                  C:/Private/Study/DMPT/Tools/xpack-arm-none-eabi-gcc-13.2.1-1.1/bin/../lib/gcc/arm-none-eabi/13.2.1/../../../../arm-none-eabi/lib/thumb/v7e-m+fp/hard\libc_nano.a(libc_a-stdio.o)
_ebss                                             build_F429ZI/startup_stm32f429xx.o
_edata                                            build_F429ZI/startup_stm32f429xx.o
_end                                              build_F429ZI/sysmem.o
_estack                                           build_F429ZI/startup_stm32f429xx.o
                                                  build_F429ZI/sysmem.o
_execve                                           build_F429ZI/syscalls.o
_exit                                             build_F429ZI/syscalls.o
                                                  C:/Private/Study/DMPT/Tools/xpack-arm-none-eabi-gcc-13.2.1-1.1/bin/../lib/gcc/arm-none-eabi/13.2.1/../../../../arm-none-eabi/lib/thumb/v7e-m+fp/hard\libc_nano.a(libc_a-exit.o)
_fflush_r                                         C:/Private/Study/DMPT/Tools/xpack-arm-none-eabi-gcc-13.2.1-1.1/bin/../lib/gcc/arm-none-eabi/13.2.1/../../../../arm-none-eabi/lib/thumb/v7e-m+fp/hard\libc_nano.a(libc_a-fflush.o)
                                                  C:/Private/Study/DMPT/Tools/xpack-arm-none-eabi-gcc-13.2.1-1.1/bin/../lib/gcc/arm-none-eabi/13.2.1/../../../../arm-none-eabi/lib/thumb/v7e-m+fp/hard\libc_nano.a(libc_a-findfp.o)
_fini                                             C:/Private/Study/DMPT/Tools/xpack-arm-none-eabi-gcc-13.2.1-1.1/bin/../lib/gcc/arm-none-eabi/13.2.1/thumb/v7e-m+fp/hard/crti.o
                                                  C:/Private/Study/DMPT/Tools/xpack-arm-none-eabi-gcc-13.2.1-1.1/bin/../lib/gcc/arm-none-eabi/13.2.1/../../../../arm-none-eabi/lib/thumb/v7e-m+fp/hard\libc_nano.a(libc_a-fini.o)
_fork                                             build_F429ZI/syscalls.o
_free_r                                           C:/Private/Study/DMPT/Tools/xpack-arm-none-eabi-gcc-13.2.1-1.1/bin/../lib/gcc/arm-none-eabi/13.2.1/../../../../arm-none-eabi/lib/thumb/v7e-m+fp/hard\libc_nano.a(libc_a-freer.o)
                                                  C:/Private/Study/DMPT/Tools/xpack-arm-none-eabi-gcc-13.2.1-1.1/bin/../lib/gcc/arm-none-eabi/13.2.1/../../../../arm-none-eabi/lib/thumb/v7e-m+fp/hard\libc_nano.a(libc_a-fflush.o)
                                                  C:/Private/Study/DMPT/Tools/xpack-arm-none-eabi-gcc-13.2.1-1.1/bin/../lib/gcc/arm-none-eabi/13.2.1/../../../../arm-none-eabi/lib/thumb/v7e-m+fp/hard\libc_nano.a(libc_a-reent.o)
_fstat                                            build_F429ZI/syscalls.o
_fwalk_sglue                                      C:/Private/Study/DMPT/Tools/xpack-arm-none-eabi-gcc-13.2.1-1.1/bin/../lib/gcc/arm-none-eabi/13.2.1/../../../../arm-none-eabi/lib/thumb/v7e-m+fp/hard\libc_nano.a(libc_a-fwalk.o)
                                                  C:/Private/Study/DMPT/Tools/xpack-arm-none-eabi-gcc-13.2.1-1.1/bin/../lib/gcc/arm-none-eabi/13.2.1/../../../../arm-none-eabi/lib/thumb/v7e-m+fp/hard\libc_nano.a(libc_a-fflush.o)
                                                  C:/Private/Study/DMPT/Tools/xpack-arm-none-eabi-gcc-13.2.1-1.1/bin/../lib/gcc/arm-none-eabi/13.2.1/../../../../arm-none-eabi/lib/thumb/v7e-m+fp/hard\libc_nano.a(libc_a-findfp.o)
_getpid                                           build_F429ZI/syscalls.o
_impure_data                                      C:/Private/Study/DMPT/Tools/xpack-arm-none-eabi-gcc-13.2.1-1.1/bin/../lib/gcc/arm-none-eabi/13.2.1/../../../../arm-none-eabi/lib/thumb/v7e-m+fp/hard\libc_nano.a(libc_a-impure.o)
                                                  C:/Private/Study/DMPT/Tools/xpack-arm-none-eabi-gcc-13.2.1-1.1/bin/../lib/gcc/arm-none-eabi/13.2.1/../../../../arm-none-eabi/lib/thumb/v7e-m+fp/hard\libc_nano.a(libc_a-fflush.o)
                                                  C:/Private/Study/DMPT/Tools/xpack-arm-none-eabi-gcc-13.2.1-1.1/bin/../lib/gcc/arm-none-eabi/13.2.1/../../../../arm-none-eabi/lib/thumb/v7e-m+fp/hard\libc_nano.a(libc_a-findfp.o)
_impure_ptr                                       C:/Private/Study/DMPT/Tools/xpack-arm-none-eabi-gcc-13.2.1-1.1/bin/../lib/gcc/arm-none-eabi/13.2.1/../../../../arm-none-eabi/lib/thumb/v7e-m+fp/hard\libc_nano.a(libc_a-impure.o)
                                                  C:/Private/Study/DMPT/Tools/xpack-arm-none-eabi-gcc-13.2.1-1.1/bin/../lib/gcc/arm-none-eabi/13.2.1/../../../../arm-none-eabi/lib/thumb/v7e-m+fp/hard\libc_nano.a(libc_a-fflush.o)
                                                  C:/Private/Study/DMPT/Tools/xpack-arm-none-eabi-gcc-13.2.1-1.1/bin/../lib/gcc/arm-none-eabi/13.2.1/../../../../arm-none-eabi/lib/thumb/v7e-m+fp/hard\libc_nano.a(libc_a-errno.o)
                                                  C:/Private/Study/DMPT/Tools/xpack-arm-none-eabi-gcc-13.2.1-1.1/bin/../lib/gcc/arm-none-eabi/13.2.1/../../../../arm-none-eabi/lib/thumb/v7e-m+fp/hard\libc_nano.a(libc_a-reent.o)
_init                                             C:/Private/Study/DMPT/Tools/xpack-arm-none-eabi-gcc-13.2.1-1.1/bin/../lib/gcc/arm-none-eabi/13.2.1/thumb/v7e-m+fp/hard/crti.o
                                                  C:/Private/Study/DMPT/Tools/xpack-arm-none-eabi-gcc-13.2.1-1.1/bin/../lib/gcc/arm-none-eabi/13.2.1/../../../../arm-none-eabi/lib/thumb/v7e-m+fp/hard\libc_nano.a(libc_a-init.o)
_isatty                                           build_F429ZI/syscalls.o
_kill                                             build_F429ZI/syscalls.o
_link                                             build_F429ZI/syscalls.o
_lseek                                            build_F429ZI/syscalls.o
                                                  C:/Private/Study/DMPT/Tools/xpack-arm-none-eabi-gcc-13.2.1-1.1/bin/../lib/gcc/arm-none-eabi/13.2.1/../../../../arm-none-eabi/lib/thumb/v7e-m+fp/hard\libc_nano.a(libc_a-lseekr.o)
_lseek_r                                          C:/Private/Study/DMPT/Tools/xpack-arm-none-eabi-gcc-13.2.1-1.1/bin/../lib/gcc/arm-none-eabi/13.2.1/../../../../arm-none-eabi/lib/thumb/v7e-m+fp/hard\libc_nano.a(libc_a-lseekr.o)
                                                  C:/Private/Study/DMPT/Tools/xpack-arm-none-eabi-gcc-13.2.1-1.1/bin/../lib/gcc/arm-none-eabi/13.2.1/../../../../arm-none-eabi/lib/thumb/v7e-m+fp/hard\libc_nano.a(libc_a-stdio.o)
_mainCRTStartup                                   C:/Private/Study/DMPT/Tools/xpack-arm-none-eabi-gcc-13.2.1-1.1/bin/../lib/gcc/arm-none-eabi/13.2.1/../../../../arm-none-eabi/lib/thumb/v7e-m+fp/hard/crt0.o
_malloc_r                                         C:/Private/Study/DMPT/Tools/xpack-arm-none-eabi-gcc-13.2.1-1.1/bin/../lib/gcc/arm-none-eabi/13.2.1/../../../../arm-none-eabi/lib/thumb/v7e-m+fp/hard\libc_nano.a(libc_a-mallocr.o)
                                                  C:/Private/Study/DMPT/Tools/xpack-arm-none-eabi-gcc-13.2.1-1.1/bin/../lib/gcc/arm-none-eabi/13.2.1/../../../../arm-none-eabi/lib/thumb/v7e-m+fp/hard\libc_nano.a(libc_a-findfp.o)
_open                                             build_F429ZI/syscalls.o
_read                                             build_F429ZI/syscalls.o
                                                  C:/Private/Study/DMPT/Tools/xpack-arm-none-eabi-gcc-13.2.1-1.1/bin/../lib/gcc/arm-none-eabi/13.2.1/../../../../arm-none-eabi/lib/thumb/v7e-m+fp/hard\libc_nano.a(libc_a-readr.o)
_read_r                                           C:/Private/Study/DMPT/Tools/xpack-arm-none-eabi-gcc-13.2.1-1.1/bin/../lib/gcc/arm-none-eabi/13.2.1/../../../../arm-none-eabi/lib/thumb/v7e-m+fp/hard\libc_nano.a(libc_a-readr.o)
                                                  C:/Private/Study/DMPT/Tools/xpack-arm-none-eabi-gcc-13.2.1-1.1/bin/../lib/gcc/arm-none-eabi/13.2.1/../../../../arm-none-eabi/lib/thumb/v7e-m+fp/hard\libc_nano.a(libc_a-stdio.o)
_reclaim_reent                                    C:/Private/Study/DMPT/Tools/xpack-arm-none-eabi-gcc-13.2.1-1.1/bin/../lib/gcc/arm-none-eabi/13.2.1/../../../../arm-none-eabi/lib/thumb/v7e-m+fp/hard\libc_nano.a(libc_a-reent.o)
_sbrk                                             build_F429ZI/sysmem.o
                                                  C:/Private/Study/DMPT/Tools/xpack-arm-none-eabi-gcc-13.2.1-1.1/bin/../lib/gcc/arm-none-eabi/13.2.1/../../../../arm-none-eabi/lib/thumb/v7e-m+fp/hard\libc_nano.a(libc_a-sbrkr.o)
_sbrk_r                                           C:/Private/Study/DMPT/Tools/xpack-arm-none-eabi-gcc-13.2.1-1.1/bin/../lib/gcc/arm-none-eabi/13.2.1/../../../../arm-none-eabi/lib/thumb/v7e-m+fp/hard\libc_nano.a(libc_a-sbrkr.o)
                                                  C:/Private/Study/DMPT/Tools/xpack-arm-none-eabi-gcc-13.2.1-1.1/bin/../lib/gcc/arm-none-eabi/13.2.1/../../../../arm-none-eabi/lib/thumb/v7e-m+fp/hard\libc_nano.a(libc_a-mallocr.o)
_sbss                                             build_F429ZI/startup_stm32f429xx.o
_sdata                                            build_F429ZI/startup_stm32f429xx.o
_sidata                                           build_F429ZI/startup_stm32f429xx.o
_stack_init                                       C:/Private/Study/DMPT/Tools/xpack-arm-none-eabi-gcc-13.2.1-1.1/bin/../lib/gcc/arm-none-eabi/13.2.1/../../../../arm-none-eabi/lib/thumb/v7e-m+fp/hard/crt0.o
_start                                            C:/Private/Study/DMPT/Tools/xpack-arm-none-eabi-gcc-13.2.1-1.1/bin/../lib/gcc/arm-none-eabi/13.2.1/../../../../arm-none-eabi/lib/thumb/v7e-m+fp/hard/crt0.o
_stat                                             build_F429ZI/syscalls.o
_times                                            build_F429ZI/syscalls.o
_unlink                                           build_F429ZI/syscalls.o
_wait                                             build_F429ZI/syscalls.o
_write                                            build_F429ZI/syscalls.o
                                                  C:/Private/Study/DMPT/Tools/xpack-arm-none-eabi-gcc-13.2.1-1.1/bin/../lib/gcc/arm-none-eabi/13.2.1/../../../../arm-none-eabi/lib/thumb/v7e-m+fp/hard\libc_nano.a(libc_a-writer.o)
_write_r                                          C:/Private/Study/DMPT/Tools/xpack-arm-none-eabi-gcc-13.2.1-1.1/bin/../lib/gcc/arm-none-eabi/13.2.1/../../../../arm-none-eabi/lib/thumb/v7e-m+fp/hard\libc_nano.a(libc_a-writer.o)
                                                  C:/Private/Study/DMPT/Tools/xpack-arm-none-eabi-gcc-13.2.1-1.1/bin/../lib/gcc/arm-none-eabi/13.2.1/../../../../arm-none-eabi/lib/thumb/v7e-m+fp/hard\libc_nano.a(libc_a-stdio.o)
atexit                                            C:/Private/Study/DMPT/Tools/xpack-arm-none-eabi-gcc-13.2.1-1.1/bin/../lib/gcc/arm-none-eabi/13.2.1/../../../../arm-none-eabi/lib/thumb/v7e-m+fp/hard\libc_nano.a(libc_a-atexit.o)
                                                  C:/Private/Study/DMPT/Tools/xpack-arm-none-eabi-gcc-13.2.1-1.1/bin/../lib/gcc/arm-none-eabi/13.2.1/../../../../arm-none-eabi/lib/thumb/v7e-m+fp/hard/crt0.o
blink                                             build_F429ZI/main.o
                                                  build_F429ZI/it_handlers.o
environ                                           build_F429ZI/syscalls.o
errno                                             C:/Private/Study/DMPT/Tools/xpack-arm-none-eabi-gcc-13.2.1-1.1/bin/../lib/gcc/arm-none-eabi/13.2.1/../../../../arm-none-eabi/lib/thumb/v7e-m+fp/hard\libc_nano.a(libc_a-reent.o)
                                                  C:/Private/Study/DMPT/Tools/xpack-arm-none-eabi-gcc-13.2.1-1.1/bin/../lib/gcc/arm-none-eabi/13.2.1/../../../../arm-none-eabi/lib/thumb/v7e-m+fp/hard\libc_nano.a(libc_a-sbrkr.o)
                                                  C:/Private/Study/DMPT/Tools/xpack-arm-none-eabi-gcc-13.2.1-1.1/bin/../lib/gcc/arm-none-eabi/13.2.1/../../../../arm-none-eabi/lib/thumb/v7e-m+fp/hard\libc_nano.a(libc_a-writer.o)
                                                  C:/Private/Study/DMPT/Tools/xpack-arm-none-eabi-gcc-13.2.1-1.1/bin/../lib/gcc/arm-none-eabi/13.2.1/../../../../arm-none-eabi/lib/thumb/v7e-m+fp/hard\libc_nano.a(libc_a-readr.o)
                                                  C:/Private/Study/DMPT/Tools/xpack-arm-none-eabi-gcc-13.2.1-1.1/bin/../lib/gcc/arm-none-eabi/13.2.1/../../../../arm-none-eabi/lib/thumb/v7e-m+fp/hard\libc_nano.a(libc_a-lseekr.o)
                                                  C:/Private/Study/DMPT/Tools/xpack-arm-none-eabi-gcc-13.2.1-1.1/bin/../lib/gcc/arm-none-eabi/13.2.1/../../../../arm-none-eabi/lib/thumb/v7e-m+fp/hard\libc_nano.a(libc_a-closer.o)
exit                                              C:/Private/Study/DMPT/Tools/xpack-arm-none-eabi-gcc-13.2.1-1.1/bin/../lib/gcc/arm-none-eabi/13.2.1/../../../../arm-none-eabi/lib/thumb/v7e-m+fp/hard\libc_nano.a(libc_a-exit.o)
                                                  C:/Private/Study/DMPT/Tools/xpack-arm-none-eabi-gcc-13.2.1-1.1/bin/../lib/gcc/arm-none-eabi/13.2.1/../../../../arm-none-eabi/lib/thumb/v7e-m+fp/hard/crt0.o
fflush                                            C:/Private/Study/DMPT/Tools/xpack-arm-none-eabi-gcc-13.2.1-1.1/bin/../lib/gcc/arm-none-eabi/13.2.1/../../../../arm-none-eabi/lib/thumb/v7e-m+fp/hard\libc_nano.a(libc_a-fflush.o)
g_pfnVectors                                      build_F429ZI/startup_stm32f429xx.o
hardware_init_hook                                C:/Private/Study/DMPT/Tools/xpack-arm-none-eabi-gcc-13.2.1-1.1/bin/../lib/gcc/arm-none-eabi/13.2.1/../../../../arm-none-eabi/lib/thumb/v7e-m+fp/hard/crt0.o
initialise_monitor_handles                        build_F429ZI/syscalls.o
led_en                                            build_F429ZI/main.o
main                                              build_F429ZI/main.o
                                                  build_F429ZI/startup_stm32f429xx.o
                                                  C:/Private/Study/DMPT/Tools/xpack-arm-none-eabi-gcc-13.2.1-1.1/bin/../lib/gcc/arm-none-eabi/13.2.1/../../../../arm-none-eabi/lib/thumb/v7e-m+fp/hard/crt0.o
malloc                                            C:/Private/Study/DMPT/Tools/xpack-arm-none-eabi-gcc-13.2.1-1.1/bin/../lib/gcc/arm-none-eabi/13.2.1/../../../../arm-none-eabi/lib/thumb/v7e-m+fp/hard\libc_nano.a(libc_a-__atexit.o)
memset                                            C:/Private/Study/DMPT/Tools/xpack-arm-none-eabi-gcc-13.2.1-1.1/bin/../lib/gcc/arm-none-eabi/13.2.1/../../../../arm-none-eabi/lib/thumb/v7e-m+fp/hard\libc_nano.a(libc_a-memset.o)
                                                  C:/Private/Study/DMPT/Tools/xpack-arm-none-eabi-gcc-13.2.1-1.1/bin/../lib/gcc/arm-none-eabi/13.2.1/../../../../arm-none-eabi/lib/thumb/v7e-m+fp/hard\libc_nano.a(libc_a-findfp.o)
                                                  C:/Private/Study/DMPT/Tools/xpack-arm-none-eabi-gcc-13.2.1-1.1/bin/../lib/gcc/arm-none-eabi/13.2.1/../../../../arm-none-eabi/lib/thumb/v7e-m+fp/hard/crt0.o
num_led_blink                                     build_F429ZI/main.o
                                                  build_F429ZI/it_handlers.o
software_init_hook                                C:/Private/Study/DMPT/Tools/xpack-arm-none-eabi-gcc-13.2.1-1.1/bin/../lib/gcc/arm-none-eabi/13.2.1/../../../../arm-none-eabi/lib/thumb/v7e-m+fp/hard/crt0.o
