ARM GAS  C:\Users\lenovo\AppData\Local\Temp\ccI9lv4h.s 			page 1


   1              		.cpu cortex-m4
   2              		.arch armv7e-m
   3              		.fpu fpv4-sp-d16
   4              		.eabi_attribute 27, 1
   5              		.eabi_attribute 28, 1
   6              		.eabi_attribute 20, 1
   7              		.eabi_attribute 21, 1
   8              		.eabi_attribute 23, 3
   9              		.eabi_attribute 24, 1
  10              		.eabi_attribute 25, 1
  11              		.eabi_attribute 26, 1
  12              		.eabi_attribute 30, 1
  13              		.eabi_attribute 34, 1
  14              		.eabi_attribute 18, 4
  15              		.file	"main.c"
  16              		.text
  17              	.Ltext0:
  18              		.cfi_sections	.debug_frame
  19              		.file 1 "Core/Src/main.c"
  20              		.section	.text.main,"ax",%progbits
  21              		.align	1
  22              		.global	main
  23              		.syntax unified
  24              		.thumb
  25              		.thumb_func
  27              	main:
  28              	.LFB130:
   1:Core/Src/main.c **** #include "../Inc/init_lab1.h"
   2:Core/Src/main.c **** #include "../Inc/Lab1.h"
   3:Core/Src/main.c **** 
   4:Core/Src/main.c **** uint8_t en = 0;
   5:Core/Src/main.c **** uint8_t score = 0;
   6:Core/Src/main.c **** short int LD_1 = 0;
   7:Core/Src/main.c **** short int LD_2 = 0;
   8:Core/Src/main.c **** short int LD_3 = 0;
   9:Core/Src/main.c **** 
  10:Core/Src/main.c **** int main(void)
  11:Core/Src/main.c **** {
  29              		.loc 1 11 1 view -0
  30              		.cfi_startproc
  31              		@ args = 0, pretend = 0, frame = 0
  32              		@ frame_needed = 0, uses_anonymous_args = 0
  33 0000 08B5     		push	{r3, lr}
  34              	.LCFI0:
  35              		.cfi_def_cfa_offset 8
  36              		.cfi_offset 3, -8
  37              		.cfi_offset 14, -4
  12:Core/Src/main.c ****     GPIO_Init_CMSIS();
  38              		.loc 1 12 5 view .LVU1
  39 0002 FFF7FEFF 		bl	GPIO_Init_CMSIS
  40              	.LVL0:
  13:Core/Src/main.c ****     GPIO_Init_accessing_memory();
  41              		.loc 1 13 5 view .LVU2
  42 0006 FFF7FEFF 		bl	GPIO_Init_accessing_memory
  43              	.LVL1:
  14:Core/Src/main.c ****     GPIO_Init_my_macros();
  44              		.loc 1 14 5 view .LVU3
ARM GAS  C:\Users\lenovo\AppData\Local\Temp\ccI9lv4h.s 			page 2


  45 000a FFF7FEFF 		bl	GPIO_Init_my_macros
  46              	.LVL2:
  15:Core/Src/main.c ****     Variant_6(&en, &score);
  47              		.loc 1 15 5 view .LVU4
  48 000e 0349     		ldr	r1, .L3
  49 0010 0348     		ldr	r0, .L3+4
  50 0012 FFF7FEFF 		bl	Variant_6
  51              	.LVL3:
  16:Core/Src/main.c ****     //extra_task(&en, &score, &LD_1, &LD_2, &LD_3);
  17:Core/Src/main.c **** }...
  52              		.loc 1 17 1 is_stmt 0 view .LVU5
  53 0016 0020     		movs	r0, #0
  54 0018 08BD     		pop	{r3, pc}
  55              	.L4:
  56 001a 00BF     		.align	2
  57              	.L3:
  58 001c 00000000 		.word	score
  59 0020 00000000 		.word	en
  60              		.cfi_endproc
  61              	.LFE130:
  63              		.global	LD_3
  64              		.section	.bss.LD_3,"aw",%nobits
  65              		.align	1
  68              	LD_3:
  69 0000 0000     		.space	2
  70              		.global	LD_2
  71              		.section	.bss.LD_2,"aw",%nobits
  72              		.align	1
  75              	LD_2:
  76 0000 0000     		.space	2
  77              		.global	LD_1
  78              		.section	.bss.LD_1,"aw",%nobits
  79              		.align	1
  82              	LD_1:
  83 0000 0000     		.space	2
  84              		.global	score
  85              		.section	.bss.score,"aw",%nobits
  88              	score:
  89 0000 00       		.space	1
  90              		.global	en
  91              		.section	.bss.en,"aw",%nobits
  94              	en:
  95 0000 00       		.space	1
  96              		.text
  97              	.Letext0:
  98              		.file 2 "C:/Private/Study/DMPT/Tools/xpack-arm-none-eabi-gcc-13.2.1-1.1/arm-none-eabi/include/mach
  99              		.file 3 "C:/Private/Study/DMPT/Tools/xpack-arm-none-eabi-gcc-13.2.1-1.1/arm-none-eabi/include/sys/
 100              		.file 4 "Core/Src/../Inc/init_lab1.h"
 101              		.file 5 "Core/Src/../Inc/Lab1.h"
ARM GAS  C:\Users\lenovo\AppData\Local\Temp\ccI9lv4h.s 			page 3


DEFINED SYMBOLS
                            *ABS*:00000000 main.c
C:\Users\lenovo\AppData\Local\Temp\ccI9lv4h.s:21     .text.main:00000000 $t
C:\Users\lenovo\AppData\Local\Temp\ccI9lv4h.s:27     .text.main:00000000 main
C:\Users\lenovo\AppData\Local\Temp\ccI9lv4h.s:58     .text.main:0000001c $d
C:\Users\lenovo\AppData\Local\Temp\ccI9lv4h.s:88     .bss.score:00000000 score
C:\Users\lenovo\AppData\Local\Temp\ccI9lv4h.s:94     .bss.en:00000000 en
C:\Users\lenovo\AppData\Local\Temp\ccI9lv4h.s:68     .bss.LD_3:00000000 LD_3
C:\Users\lenovo\AppData\Local\Temp\ccI9lv4h.s:65     .bss.LD_3:00000000 $d
C:\Users\lenovo\AppData\Local\Temp\ccI9lv4h.s:75     .bss.LD_2:00000000 LD_2
C:\Users\lenovo\AppData\Local\Temp\ccI9lv4h.s:72     .bss.LD_2:00000000 $d
C:\Users\lenovo\AppData\Local\Temp\ccI9lv4h.s:82     .bss.LD_1:00000000 LD_1
C:\Users\lenovo\AppData\Local\Temp\ccI9lv4h.s:79     .bss.LD_1:00000000 $d
C:\Users\lenovo\AppData\Local\Temp\ccI9lv4h.s:89     .bss.score:00000000 $d
C:\Users\lenovo\AppData\Local\Temp\ccI9lv4h.s:95     .bss.en:00000000 $d

UNDEFINED SYMBOLS
GPIO_Init_CMSIS
GPIO_Init_accessing_memory
GPIO_Init_my_macros
Variant_6
